Downloading https://services.gradle.org/distributions/gradle-8.14.3-all.zip
.....................10%.....................20%......................30%.....................40%......................50%.....................60%.....................70%......................80%.....................90%......................100%

Welcome to Gradle 8.14.3!

Here are the highlights of this release:
 - Java 24 support
 - GraalVM Native Image toolchain selection
 - Enhancements to test reporting
 - Build Authoring improvements

For more details see https://docs.gradle.org/8.14.3/release-notes.html

To honour the JVM settings for this build a single-use Daemon process will be forked. For more on this, please refer to https://docs.gradle.org/8.14.3/userguide/gradle_daemon.html#sec:disabling_the_daemon in the Gradle documentation.
Daemon will be stopped at the end of the build 

> Configure project :app
WARNING: Using flatDir should be avoided because it doesn't support any meta-data formats.

> Configure project :capacitor-cordova-android-plugins
WARNING: Using flatDir should be avoided because it doesn't support any meta-data formats.

> Task :app:preBuild UP-TO-DATE
> Task :app:preDebugBuild UP-TO-DATE
> Task :app:mergeDebugNativeDebugMetadata NO-SOURCE
> Task :capacitor-android:preBuild UP-TO-DATE
> Task :capacitor-android:preDebugBuild UP-TO-DATE
> Task :capacitor-app:preBuild UP-TO-DATE
> Task :capacitor-app:preDebugBuild UP-TO-DATE
> Task :capacitor-cordova-android-plugins:preBuild UP-TO-DATE
> Task :capacitor-cordova-android-plugins:preDebugBuild UP-TO-DATE
> Task :capacitor-app:writeDebugAarMetadata
> Task :capacitor-haptics:preBuild UP-TO-DATE
> Task :capacitor-haptics:preDebugBuild UP-TO-DATE
> Task :capacitor-cordova-android-plugins:writeDebugAarMetadata
> Task :capacitor-android:writeDebugAarMetadata
> Task :capacitor-haptics:writeDebugAarMetadata
> Task :capacitor-keyboard:preBuild UP-TO-DATE
> Task :capacitor-keyboard:preDebugBuild UP-TO-DATE
> Task :app:javaPreCompileDebug
> Task :capacitor-network:preBuild UP-TO-DATE
> Task :capacitor-keyboard:writeDebugAarMetadata
> Task :capacitor-network:preDebugBuild UP-TO-DATE
> Task :capacitor-status-bar:preBuild UP-TO-DATE
> Task :capacitor-status-bar:preDebugBuild UP-TO-DATE
> Task :capacitor-network:writeDebugAarMetadata
> Task :capacitor-status-bar:writeDebugAarMetadata
> Task :capacitor-android:processDebugNavigationResources
> Task :capacitor-app:processDebugNavigationResources
> Task :capacitor-cordova-android-plugins:processDebugNavigationResources
> Task :app:checkDebugAarMetadata
> Task :capacitor-haptics:processDebugNavigationResources
> Task :capacitor-keyboard:processDebugNavigationResources
> Task :capacitor-network:processDebugNavigationResources
> Task :capacitor-status-bar:processDebugNavigationResources
> Task :app:processDebugNavigationResources
> Task :app:generateDebugResValues
> Task :capacitor-android:generateDebugResValues
> Task :app:compileDebugNavigationResources
> Task :capacitor-android:generateDebugResources
> Task :capacitor-android:packageDebugResources
> Task :capacitor-app:generateDebugResValues
> Task :capacitor-app:generateDebugResources
> Task :capacitor-app:packageDebugResources
> Task :capacitor-cordova-android-plugins:generateDebugResValues
> Task :capacitor-cordova-android-plugins:generateDebugResources
> Task :capacitor-cordova-android-plugins:packageDebugResources
> Task :capacitor-haptics:generateDebugResValues
> Task :capacitor-haptics:generateDebugResources
> Task :capacitor-haptics:packageDebugResources
> Task :capacitor-keyboard:generateDebugResValues
> Task :capacitor-keyboard:generateDebugResources
> Task :capacitor-keyboard:packageDebugResources
> Task :capacitor-network:generateDebugResValues
> Task :capacitor-network:generateDebugResources
> Task :capacitor-network:packageDebugResources
> Task :capacitor-status-bar:generateDebugResValues
> Task :capacitor-status-bar:generateDebugResources
> Task :capacitor-status-bar:packageDebugResources
> Task :app:mapDebugSourceSetPaths
> Task :app:generateDebugResources
> Task :app:packageDebugResources
> Task :app:mergeDebugResources
> Task :app:createDebugCompatibleScreenManifests
> Task :app:extractDeepLinksDebug
> Task :capacitor-android:extractDeepLinksDebug
> Task :capacitor-app:extractDeepLinksDebug
> Task :capacitor-cordova-android-plugins:extractDeepLinksDebug
> Task :app:parseDebugLocalResources
> Task :capacitor-haptics:extractDeepLinksDebug
> Task :capacitor-android:processDebugManifest
> Task :capacitor-cordova-android-plugins:processDebugManifest
> Task :capacitor-app:processDebugManifest
> Task :capacitor-haptics:processDebugManifest
> Task :capacitor-keyboard:extractDeepLinksDebug
> Task :capacitor-network:extractDeepLinksDebug
> Task :capacitor-keyboard:processDebugManifest
> Task :capacitor-network:processDebugManifest
> Task :capacitor-status-bar:extractDeepLinksDebug
> Task :capacitor-status-bar:processDebugManifest
> Task :capacitor-android:compileDebugLibraryResources
> Task :app:processDebugMainManifest
> Task :app:processDebugManifest
> Task :capacitor-app:compileDebugLibraryResources
> Task :capacitor-android:parseDebugLocalResources
> Task :app:processDebugManifestForPackage
> Task :capacitor-app:parseDebugLocalResources
> Task :capacitor-cordova-android-plugins:compileDebugLibraryResources
> Task :capacitor-haptics:compileDebugLibraryResources
> Task :capacitor-cordova-android-plugins:parseDebugLocalResources
> Task :capacitor-haptics:parseDebugLocalResources
> Task :capacitor-app:generateDebugRFile
> Task :capacitor-android:generateDebugRFile
> Task :capacitor-cordova-android-plugins:generateDebugRFile
> Task :capacitor-keyboard:compileDebugLibraryResources
> Task :capacitor-haptics:generateDebugRFile
> Task :capacitor-network:compileDebugLibraryResources
> Task :capacitor-keyboard:parseDebugLocalResources
> Task :capacitor-status-bar:compileDebugLibraryResources
> Task :capacitor-network:parseDebugLocalResources
> Task :capacitor-keyboard:generateDebugRFile
> Task :capacitor-network:generateDebugRFile
> Task :capacitor-android:javaPreCompileDebug
> Task :capacitor-app:javaPreCompileDebug
> Task :capacitor-status-bar:parseDebugLocalResources

> Task :capacitor-android:compileDebugJavaWithJavac
Note: Some input files use unchecked or unsafe operations.
Note: Recompile with -Xlint:unchecked for details.

> Task :capacitor-status-bar:generateDebugRFile
> Task :capacitor-android:bundleLibCompileToJarDebug
> Task :capacitor-app:compileDebugJavaWithJavac
> Task :capacitor-app:bundleLibCompileToJarDebug
> Task :app:processDebugResources
> Task :capacitor-cordova-android-plugins:javaPreCompileDebug
> Task :capacitor-haptics:javaPreCompileDebug
> Task :capacitor-cordova-android-plugins:compileDebugJavaWithJavac NO-SOURCE
> Task :capacitor-cordova-android-plugins:bundleLibCompileToJarDebug
> Task :capacitor-haptics:compileDebugJavaWithJavac
> Task :capacitor-haptics:bundleLibCompileToJarDebug
> Task :capacitor-keyboard:javaPreCompileDebug
> Task :capacitor-network:javaPreCompileDebug
> Task :capacitor-keyboard:compileDebugJavaWithJavac
> Task :capacitor-keyboard:bundleLibCompileToJarDebug
> Task :capacitor-network:compileDebugJavaWithJavac
> Task :capacitor-network:bundleLibCompileToJarDebug
> Task :capacitor-status-bar:javaPreCompileDebug
> Task :app:mergeDebugShaders
> Task :capacitor-status-bar:compileDebugJavaWithJavac
> Task :capacitor-status-bar:bundleLibCompileToJarDebug
> Task :app:compileDebugShaders NO-SOURCE
> Task :app:compileDebugJavaWithJavac
> Task :app:generateDebugAssets UP-TO-DATE
> Task :capacitor-android:mergeDebugShaders
> Task :capacitor-android:compileDebugShaders NO-SOURCE
> Task :capacitor-android:generateDebugAssets UP-TO-DATE
> Task :capacitor-android:mergeDebugAssets
> Task :capacitor-app:mergeDebugShaders
> Task :capacitor-app:compileDebugShaders NO-SOURCE
> Task :capacitor-app:generateDebugAssets UP-TO-DATE
> Task :capacitor-app:mergeDebugAssets
> Task :capacitor-cordova-android-plugins:mergeDebugShaders
> Task :capacitor-cordova-android-plugins:compileDebugShaders NO-SOURCE
> Task :capacitor-cordova-android-plugins:generateDebugAssets UP-TO-DATE
> Task :capacitor-cordova-android-plugins:mergeDebugAssets
> Task :capacitor-haptics:mergeDebugShaders
> Task :capacitor-haptics:compileDebugShaders NO-SOURCE
> Task :capacitor-haptics:generateDebugAssets UP-TO-DATE
> Task :capacitor-haptics:mergeDebugAssets
> Task :capacitor-keyboard:mergeDebugShaders
> Task :capacitor-keyboard:compileDebugShaders NO-SOURCE
> Task :capacitor-keyboard:generateDebugAssets UP-TO-DATE
> Task :capacitor-keyboard:mergeDebugAssets
> Task :capacitor-network:mergeDebugShaders
> Task :capacitor-network:compileDebugShaders NO-SOURCE
> Task :capacitor-network:generateDebugAssets UP-TO-DATE
> Task :capacitor-network:mergeDebugAssets
> Task :capacitor-status-bar:mergeDebugShaders
> Task :capacitor-status-bar:compileDebugShaders NO-SOURCE
> Task :capacitor-status-bar:generateDebugAssets UP-TO-DATE
> Task :capacitor-status-bar:mergeDebugAssets
> Task :app:mergeDebugAssets
> Task :capacitor-app:bundleLibRuntimeToJarDebug
> Task :capacitor-haptics:bundleLibRuntimeToJarDebug
> Task :capacitor-keyboard:bundleLibRuntimeToJarDebug
> Task :app:compressDebugAssets
> Task :capacitor-network:bundleLibRuntimeToJarDebug
> Task :capacitor-status-bar:bundleLibRuntimeToJarDebug
> Task :capacitor-android:bundleLibRuntimeToJarDebug
> Task :capacitor-cordova-android-plugins:bundleLibRuntimeToJarDebug
> Task :app:desugarDebugFileDependencies
> Task :app:dexBuilderDebug
> Task :app:processDebugJavaRes NO-SOURCE
> Task :capacitor-android:processDebugJavaRes NO-SOURCE
> Task :capacitor-app:processDebugJavaRes NO-SOURCE
> Task :capacitor-cordova-android-plugins:processDebugJavaRes NO-SOURCE
> Task :capacitor-haptics:processDebugJavaRes NO-SOURCE
> Task :capacitor-keyboard:processDebugJavaRes NO-SOURCE
> Task :capacitor-network:processDebugJavaRes NO-SOURCE
> Task :capacitor-status-bar:processDebugJavaRes NO-SOURCE
> Task :capacitor-app:bundleLibRuntimeToDirDebug
> Task :app:checkDebugDuplicateClasses
> Task :app:mergeDebugJavaResource
> Task :app:mergeDebugGlobalSynthetics
> Task :capacitor-keyboard:bundleLibRuntimeToDirDebug
> Task :capacitor-haptics:bundleLibRuntimeToDirDebug
> Task :capacitor-network:bundleLibRuntimeToDirDebug
> Task :capacitor-status-bar:bundleLibRuntimeToDirDebug
> Task :capacitor-cordova-android-plugins:bundleLibRuntimeToDirDebug
> Task :capacitor-android:bundleLibRuntimeToDirDebug
> Task :app:mergeDebugJniLibFolders
> Task :capacitor-android:mergeDebugJniLibFolders
> Task :capacitor-android:mergeDebugNativeLibs NO-SOURCE
> Task :app:mergeProjectDexDebug
> Task :capacitor-android:copyDebugJniLibsProjectOnly
> Task :capacitor-app:mergeDebugJniLibFolders
> Task :capacitor-app:mergeDebugNativeLibs NO-SOURCE
> Task :capacitor-app:copyDebugJniLibsProjectOnly
> Task :capacitor-cordova-android-plugins:mergeDebugJniLibFolders
> Task :capacitor-cordova-android-plugins:mergeDebugNativeLibs NO-SOURCE
> Task :capacitor-cordova-android-plugins:copyDebugJniLibsProjectOnly
> Task :capacitor-haptics:mergeDebugJniLibFolders
> Task :capacitor-haptics:mergeDebugNativeLibs NO-SOURCE
> Task :capacitor-haptics:copyDebugJniLibsProjectOnly
> Task :capacitor-keyboard:mergeDebugJniLibFolders
> Task :capacitor-keyboard:mergeDebugNativeLibs NO-SOURCE
> Task :capacitor-keyboard:copyDebugJniLibsProjectOnly
> Task :capacitor-network:mergeDebugJniLibFolders
> Task :capacitor-network:mergeDebugNativeLibs NO-SOURCE
> Task :capacitor-network:copyDebugJniLibsProjectOnly
> Task :capacitor-status-bar:mergeDebugJniLibFolders
> Task :capacitor-status-bar:mergeDebugNativeLibs NO-SOURCE
> Task :capacitor-status-bar:copyDebugJniLibsProjectOnly
> Task :app:mergeExtDexDebug
> Task :app:validateSigningDebug
> Task :app:mergeDebugNativeLibs NO-SOURCE
> Task :app:stripDebugDebugSymbols NO-SOURCE
> Task :app:writeDebugAppMetadata
> Task :app:mergeLibDexDebug
> Task :app:writeDebugSigningConfigVersions
> Task :capacitor-android:checkDebugAarMetadata
> Task :capacitor-android:stripDebugDebugSymbols NO-SOURCE
> Task :capacitor-android:copyDebugJniLibsProjectAndLocalJars
> Task :capacitor-android:extractDebugAnnotations
> Task :capacitor-android:extractDeepLinksForAarDebug
> Task :capacitor-android:mergeDebugGeneratedProguardFiles
> Task :app:packageDebug
> Task :app:createDebugApkListingFileRedirect
> Task :app:assembleDebug
> Task :capacitor-android:mergeDebugConsumerProguardFiles
> Task :capacitor-android:prepareDebugArtProfile
> Task :capacitor-android:prepareLintJarForPublish
> Task :capacitor-android:mergeDebugJavaResource
> Task :capacitor-app:checkDebugAarMetadata
> Task :capacitor-android:syncDebugLibJars
> Task :capacitor-android:bundleDebugAar
> Task :capacitor-android:assembleDebug
> Task :capacitor-app:stripDebugDebugSymbols NO-SOURCE
> Task :capacitor-app:copyDebugJniLibsProjectAndLocalJars
> Task :capacitor-app:extractDebugAnnotations
> Task :capacitor-app:extractDeepLinksForAarDebug
> Task :capacitor-app:mergeDebugGeneratedProguardFiles
> Task :capacitor-app:mergeDebugConsumerProguardFiles
> Task :capacitor-app:prepareDebugArtProfile
> Task :capacitor-app:prepareLintJarForPublish
> Task :capacitor-app:mergeDebugJavaResource
> Task :capacitor-cordova-android-plugins:checkDebugAarMetadata
> Task :capacitor-app:syncDebugLibJars
> Task :capacitor-app:bundleDebugAar
> Task :capacitor-app:assembleDebug
> Task :capacitor-cordova-android-plugins:stripDebugDebugSymbols NO-SOURCE
> Task :capacitor-cordova-android-plugins:copyDebugJniLibsProjectAndLocalJars
> Task :capacitor-cordova-android-plugins:extractDebugAnnotations
> Task :capacitor-cordova-android-plugins:extractDeepLinksForAarDebug
> Task :capacitor-cordova-android-plugins:mergeDebugGeneratedProguardFiles
> Task :capacitor-cordova-android-plugins:mergeDebugConsumerProguardFiles
> Task :capacitor-cordova-android-plugins:prepareDebugArtProfile
> Task :capacitor-cordova-android-plugins:prepareLintJarForPublish
> Task :capacitor-haptics:checkDebugAarMetadata
> Task :capacitor-cordova-android-plugins:mergeDebugJavaResource
> Task :capacitor-haptics:stripDebugDebugSymbols NO-SOURCE
> Task :capacitor-cordova-android-plugins:syncDebugLibJars
> Task :capacitor-cordova-android-plugins:bundleDebugAar
> Task :capacitor-cordova-android-plugins:assembleDebug
> Task :capacitor-haptics:copyDebugJniLibsProjectAndLocalJars
> Task :capacitor-haptics:extractDebugAnnotations
> Task :capacitor-haptics:extractDeepLinksForAarDebug
> Task :capacitor-haptics:mergeDebugGeneratedProguardFiles
> Task :capacitor-haptics:mergeDebugConsumerProguardFiles
> Task :capacitor-haptics:prepareDebugArtProfile
> Task :capacitor-haptics:prepareLintJarForPublish
> Task :capacitor-haptics:mergeDebugJavaResource
> Task :capacitor-keyboard:checkDebugAarMetadata
> Task :capacitor-haptics:syncDebugLibJars
> Task :capacitor-haptics:bundleDebugAar
> Task :capacitor-haptics:assembleDebug
> Task :capacitor-keyboard:stripDebugDebugSymbols NO-SOURCE
> Task :capacitor-keyboard:copyDebugJniLibsProjectAndLocalJars
> Task :capacitor-keyboard:extractDebugAnnotations
> Task :capacitor-keyboard:extractDeepLinksForAarDebug
> Task :capacitor-keyboard:mergeDebugGeneratedProguardFiles
> Task :capacitor-keyboard:mergeDebugConsumerProguardFiles
> Task :capacitor-keyboard:prepareDebugArtProfile
> Task :capacitor-keyboard:prepareLintJarForPublish
> Task :capacitor-keyboard:mergeDebugJavaResource
> Task :capacitor-network:checkDebugAarMetadata
> Task :capacitor-keyboard:syncDebugLibJars
> Task :capacitor-keyboard:bundleDebugAar
> Task :capacitor-keyboard:assembleDebug
> Task :capacitor-network:stripDebugDebugSymbols NO-SOURCE
> Task :capacitor-network:copyDebugJniLibsProjectAndLocalJars
> Task :capacitor-network:extractDebugAnnotations
> Task :capacitor-network:extractDeepLinksForAarDebug
> Task :capacitor-network:mergeDebugGeneratedProguardFiles
> Task :capacitor-network:mergeDebugConsumerProguardFiles
> Task :capacitor-network:prepareDebugArtProfile
> Task :capacitor-network:prepareLintJarForPublish
> Task :capacitor-network:mergeDebugJavaResource
> Task :capacitor-status-bar:checkDebugAarMetadata
> Task :capacitor-network:syncDebugLibJars
> Task :capacitor-network:bundleDebugAar
> Task :capacitor-network:assembleDebug
> Task :capacitor-status-bar:stripDebugDebugSymbols NO-SOURCE
> Task :capacitor-status-bar:copyDebugJniLibsProjectAndLocalJars
> Task :capacitor-status-bar:extractDebugAnnotations
> Task :capacitor-status-bar:extractDeepLinksForAarDebug
> Task :capacitor-status-bar:mergeDebugGeneratedProguardFiles
> Task :capacitor-status-bar:mergeDebugConsumerProguardFiles
> Task :capacitor-status-bar:prepareDebugArtProfile
> Task :capacitor-status-bar:prepareLintJarForPublish
> Task :capacitor-status-bar:mergeDebugJavaResource
> Task :capacitor-status-bar:syncDebugLibJars
> Task :capacitor-status-bar:bundleDebugAar
> Task :capacitor-status-bar:assembleDebug

[Incubating] Problems report is available at: file:///home/runner/work/Trading-JOURNAL/Trading-JOURNAL/android/build/reports/problems/problems-report.html

BUILD SUCCESSFUL in 1m 35s
243 actionable tasks: 243 executed
